// Jest Snapshot v1, https://goo.gl/fbAQLP

exports[`should render 1`] = `
<DocumentFragment>
  <div
    class="text-center"
    data-testid="spinner"
    style="margin-top: 1rem;"
  >
    <div
      class="spinner-border"
    />
  </div>
</DocumentFragment>
`;

exports[`spinner should render 1`] = `
<DocumentFragment>
  <div
    class="text-center"
    data-testid="spinner"
    style="margin-top: 1rem;"
  >
    <div
      class="spinner-border"
    />
  </div>
</DocumentFragment>
`;
